// Jest Snapshot v1, https://goo.gl/fbAQLP

exports[`App renders correctly 1`] = `
<h1>
  Demo the app component is working
</h1>
`;
